Building for debugging...
[Provisioning 1 / 5]
[Planning deferred tasks]
[34 / 67] SwiftJLI
[34 / 67]
[35 / 68] SwiftJLI
[39 / 109]
[43 / 109]
[47 / 109]
[49 / 109]
[52 / 109]
[54 / 109]
[58 / 109]
[60 / 109]
[63 / 109]
[66 / 109]
[68 / 109]
[69 / 109]
[72 / 109] SwiftJLI
[80 / 109] SwiftJLI
[82 / 109] swiftjli-product
[92 / 111] SwiftJLITests-product
[93 / 111] swiftjli-product
[96 / 124] swiftjli-product
[97 / 124]
[102 / 124] SwiftJLITests-product
[104 / 124] SwiftJLITests-product
[105 / 124] SwiftJLITests-product
[107 / 124] SwiftJLITests-product
[112 / 124] SwiftJLITests-product
[114 / 124] SwiftJLITests-product
[115 / 124] SwiftJLITests-product
[116 / 124] AllIncludingTests
[117 / 124]
[118 / 124] SwiftJLITests-product
[120 / 124] SwiftJLITests-product
[122 / 124] SwiftJLITests-product
Build complete! (11.50 secs)
SwiftJLITests.Swift64SampleAccessTests/initialisesExternalSampleBytesAtOddAddressWithoutChangingPadding()
SwiftJLITests.Swift64SampleAccessTests/outOfPrecisionWriteInvalidatesDestination()
SwiftJLITests.Swift64SampleAccessTests/readsIndependentGoldenBytesFromOddPhysicalAddress()
SwiftJLITests.Swift64SampleAccessTests/refusesShortProviderBeforeLoadingSample()
SwiftJLITests.Swift64SampleAccessTests/rejectsCoordinatesBeforeOffsetArithmetic()
SwiftJLITests.Swift64SampleAccessTests/writesGoldenBytesForPackedAndPadded12And16BitSamples()
SwiftJLITests.abandonedDestinationInvalidatesItsReservedOwner()
SwiftJLITests.adaptersShareWriterAuthorityAndRejectForgedLease()
SwiftJLITests.cancellationDuringSyntheticRowsInvalidatesDestination()
SwiftJLITests.cancellationInProviderFinalisationPreventsPublication(_:)
SwiftJLITests.cancellationIsCheckedBeforeAllocatingStorage()
SwiftJLITests.concurrentAdaptersReserveExactlyOneWriter()
SwiftJLITests.configurationsAndBackendRequestsRejectUnsupportedChoices()
SwiftJLITests.decoderPreservesTaskCancellationError()
SwiftJLITests.explicitLargerMetadataLimitIsHonoured()
SwiftJLITests.extremeIntegerInputsThrowWithoutOverflowTraps()
SwiftJLITests.failedFillInvalidatesDestination()
SwiftJLITests.imageRetainsAdapterUntilLastImageReleaseExactlyOnce()
SwiftJLITests.independentAllocationAndMemoryCeilingsAreEnforced()
SwiftJLITests.invalidResourceProfilesAndProgressFailPredictably()
SwiftJLITests.meaningfulPrecisionRejectsInvalidValues()
SwiftJLITests.metadataAndDestinationLimitsUseCallerBudget()
SwiftJLITests.nativeByteOrderIsResolvedAndColourMeaningValidated()
SwiftJLITests.paddedOddSizedSamplesPreservePrecision(_:)
SwiftJLITests.paddedStorageCountsTowardsDecodedLimit()
SwiftJLITests.pixelAndDimensionLimitsRejectBeforeAllocation()
SwiftJLITests.planarDescriptorsMapEveryComponentAndRejectOverlap()
SwiftJLITests.platformDefaultsEnforceWatchAdmissionBeforeAllocation()
SwiftJLITests.publicOperationsRejectCodecWorkAndAdvertiseEmptyCapabilities()
SwiftJLITests.reentrantLeaseOperationsRejectWithoutDeadlocking()
SwiftJLITests.safeSampleAccessHonoursExplicitBigEndian()
SwiftJLITests.safeSampleWriterRejectsOutOfRangeWithoutTruncating()
SwiftJLITests.sameTokenCannotAuthoriseConcurrentOverlappingBorrows()
SwiftJLITests.sealedOwnerSupportsConcurrentReadersAndNestedRead()
SwiftJLITests.shortCapacityAndInvalidStrideAreRejected()
SwiftJLITests.unknownMeasurementsStayUnknownAndMetadataIsBounded()
