Building for debugging...
Build complete! (0.22 secs)
􀟈  Test run started.
􀄵  Testing Library Version: 2084
􀄵  Target Platform: arm64e-apple-macos14.0
􀟈  Test meaningfulPrecisionRejectsInvalidValues() started.
􀟈  Test independentAllocationAndMemoryCeilingsAreEnforced() started.
􀟈  Test extremeIntegerInputsThrowWithoutOverflowTraps() started.
􀟈  Test paddedStorageCountsTowardsDecodedLimit() started.
􀟈  Test sameTokenCannotAuthoriseConcurrentOverlappingBorrows() started.
􀟈  Test safeSampleWriterRejectsOutOfRangeWithoutTruncating() started.
􀟈  Test cancellationIsCheckedBeforeAllocatingStorage() started.
􀟈  Test explicitLargerMetadataLimitIsHonoured() started.
􀟈  Test publicOperationsRejectCodecWorkAndAdvertiseEmptyCapabilities() started.
􀟈  Test adaptersShareWriterAuthorityAndRejectForgedLease() started.
􀟈  Test cancellationInProviderFinalisationPreventsPublication(_:) started.
􀟈  Test imageRetainsAdapterUntilLastImageReleaseExactlyOnce() started.
􀟈  Test pixelAndDimensionLimitsRejectBeforeAllocation() started.
􀟈  Test abandonedDestinationInvalidatesItsReservedOwner() started.
􀟈  Test decoderPreservesTaskCancellationError() started.
􀟈  Test concurrentAdaptersReserveExactlyOneWriter() started.
􀟈  Test cancellationDuringSyntheticRowsInvalidatesDestination() started.
􀟈  Test safeSampleAccessHonoursExplicitBigEndian() started.
􀟈  Test sealedOwnerSupportsConcurrentReadersAndNestedRead() started.
􀟈  Test invalidResourceProfilesAndProgressFailPredictably() started.
􀟈  Test reentrantLeaseOperationsRejectWithoutDeadlocking() started.
􀟈  Test metadataAndDestinationLimitsUseCallerBudget() started.
􀟈  Test planarDescriptorsMapEveryComponentAndRejectOverlap() started.
􀟈  Test paddedOddSizedSamplesPreservePrecision(_:) started.
􀟈  Test case passing 1 argument point → .sealing to cancellationInProviderFinalisationPreventsPublication(_:) started.
􀟈  Test failedFillInvalidatesDestination() started.
􀟈  Test case passing 1 argument point → .validatingSealedStorage to cancellationInProviderFinalisationPreventsPublication(_:) started.
􀟈  Test unknownMeasurementsStayUnknownAndMetadataIsBounded() started.
􀟈  Test configurationsAndBackendRequestsRejectUnsupportedChoices() started.
􀟈  Test nativeByteOrderIsResolvedAndColourMeaningValidated() started.
􀟈  Test shortCapacityAndInvalidStrideAreRejected() started.
􀟈  Test case passing 1 argument precision → 12 to paddedOddSizedSamplesPreservePrecision(_:) started.
􀟈  Test case passing 1 argument precision → 16 to paddedOddSizedSamplesPreservePrecision(_:) started.
􁁛  Test adaptersShareWriterAuthorityAndRejectForgedLease() passed after 0.001 seconds.
􁁛  Test reentrantLeaseOperationsRejectWithoutDeadlocking() passed after 0.001 seconds.
􁁛  Test safeSampleAccessHonoursExplicitBigEndian() passed after 0.001 seconds.
􁁛  Test abandonedDestinationInvalidatesItsReservedOwner() passed after 0.001 seconds.
􁁛  Test imageRetainsAdapterUntilLastImageReleaseExactlyOnce() passed after 0.001 seconds.
􁁛  Test paddedOddSizedSamplesPreservePrecision(_:) with 2 test cases passed after 0.001 seconds.
􁁛  Test failedFillInvalidatesDestination() passed after 0.001 seconds.
􁁛  Test cancellationIsCheckedBeforeAllocatingStorage() passed after 0.001 seconds.
􁁛  Test decoderPreservesTaskCancellationError() passed after 0.001 seconds.
􁁛  Test concurrentAdaptersReserveExactlyOneWriter() passed after 0.001 seconds.
􁁛  Test pixelAndDimensionLimitsRejectBeforeAllocation() passed after 0.001 seconds.
􁁛  Test paddedStorageCountsTowardsDecodedLimit() passed after 0.001 seconds.
􁁛  Test sealedOwnerSupportsConcurrentReadersAndNestedRead() passed after 0.001 seconds.
􁁛  Test nativeByteOrderIsResolvedAndColourMeaningValidated() passed after 0.001 seconds.
􁁛  Test planarDescriptorsMapEveryComponentAndRejectOverlap() passed after 0.001 seconds.
􁁛  Test publicOperationsRejectCodecWorkAndAdvertiseEmptyCapabilities() passed after 0.001 seconds.
􁁛  Test invalidResourceProfilesAndProgressFailPredictably() passed after 0.001 seconds.
􁁛  Test unknownMeasurementsStayUnknownAndMetadataIsBounded() passed after 0.001 seconds.
􁁛  Test sameTokenCannotAuthoriseConcurrentOverlappingBorrows() passed after 0.001 seconds.
􁁛  Test independentAllocationAndMemoryCeilingsAreEnforced() passed after 0.001 seconds.
􁁛  Test cancellationDuringSyntheticRowsInvalidatesDestination() passed after 0.001 seconds.
􁁛  Test configurationsAndBackendRequestsRejectUnsupportedChoices() passed after 0.001 seconds.
􁁛  Test extremeIntegerInputsThrowWithoutOverflowTraps() passed after 0.001 seconds.
􁁛  Test cancellationInProviderFinalisationPreventsPublication(_:) with 2 test cases passed after 0.001 seconds.
􁁛  Test meaningfulPrecisionRejectsInvalidValues() passed after 0.001 seconds.
􁁛  Test metadataAndDestinationLimitsUseCallerBudget() passed after 0.001 seconds.
􁁛  Test shortCapacityAndInvalidStrideAreRejected() passed after 0.001 seconds.
􁁛  Test safeSampleWriterRejectsOutOfRangeWithoutTruncating() passed after 0.001 seconds.
􁁛  Test explicitLargerMetadataLimitIsHonoured() passed after 0.001 seconds.
􁁛  Test run with 29 tests in 0 suites passed after 0.002 seconds.
